// Jest Snapshot v1, https://goo.gl/fbAQLP

exports[`Site admin user overview last login Basic render test 1`] = `
<div
  className="site-admin-card site-admin-labeled-value site-admin-date-value"
  css="__inline_css_extracted_to_hashed_class_name"
>
  <div
    className="label"
  >
    Last Login
  </div>
  <div
    className="value"
  >
    <time
      className="date ntiText"
      dateTime="2017-10-30T00:00:00Z"
    >
      Oct 30, 2017 12:00 AM
    </time>
  </div>
</div>
`;
