// Jest Snapshot v1, https://goo.gl/fbAQLP

exports[`Site admin user course enrollment overview active times widget (has data) Basic render test 1`] = `
<div
  className="active-times-widget"
>
  <div
    className="active-times-header"
  >
    Active Times
  </div>
  <div
    className="active-times-chart"
  >
    <div
      className="active-blocks"
    >
      <div
        className="active-block"
        style={
          Object {
            "backgroundColor": "#efefef",
          }
        }
      />
      <div
        className="active-block"
        style={
          Object {
            "backgroundColor": "#efefef",
          }
        }
      />
      <div
        className="active-block"
        style={
          Object {
            "backgroundColor": "#efefef",
          }
        }
      />
      <div
        className="active-block"
        style={
          Object {
            "backgroundColor": "#efefef",
          }
        }
      />
      <div
        className="active-block"
        style={
          Object {
            "backgroundColor": "#efefef",
          }
        }
      />
      <div
        className="active-block"
        style={
          Object {
            "backgroundColor": "#3182bd",
          }
        }
      />
      <div
        className="active-block"
        style={
          Object {
            "backgroundColor": "#efefef",
          }
        }
      />
      <div
        className="time-label"
      >
        12 am
      </div>
    </div>
    <div
      className="active-blocks"
    >
      <div
        className="active-block"
        style={
          Object {
            "backgroundColor": "#efefef",
          }
        }
      />
      <div
        className="active-block"
        style={
          Object {
            "backgroundColor": "#efefef",
          }
        }
      />
      <div
        className="active-block"
        style={
          Object {
            "backgroundColor": "#efefef",
          }
        }
      />
      <div
        className="active-block"
        style={
          Object {
            "backgroundColor": "#efefef",
          }
        }
      />
      <div
        className="active-block"
        style={
          Object {
            "backgroundColor": "#efefef",
          }
        }
      />
      <div
        className="active-block"
        style={
          Object {
            "backgroundColor": "#9ecae1",
          }
        }
      />
      <div
        className="active-block"
        style={
          Object {
            "backgroundColor": "#efefef",
          }
        }
      />
      <div
        className="time-label"
      >
        2 am
      </div>
    </div>
    <div
      className="active-blocks"
    >
      <div
        className="active-block"
        style={
          Object {
            "backgroundColor": "#efefef",
          }
        }
      />
      <div
        className="active-block"
        style={
          Object {
            "backgroundColor": "#efefef",
          }
        }
      />
      <div
        className="active-block"
        style={
          Object {
            "backgroundColor": "#efefef",
          }
        }
      />
      <div
        className="active-block"
        style={
          Object {
            "backgroundColor": "#efefef",
          }
        }
      />
      <div
        className="active-block"
        style={
          Object {
            "backgroundColor": "#efefef",
          }
        }
      />
      <div
        className="active-block"
        style={
          Object {
            "backgroundColor": "#efefef",
          }
        }
      />
      <div
        className="active-block"
        style={
          Object {
            "backgroundColor": "#efefef",
          }
        }
      />
      <div
        className="time-label"
      >
        4 am
      </div>
    </div>
    <div
      className="active-blocks"
    >
      <div
        className="active-block"
        style={
          Object {
            "backgroundColor": "#efefef",
          }
        }
      />
      <div
        className="active-block"
        style={
          Object {
            "backgroundColor": "#efefef",
          }
        }
      />
      <div
        className="active-block"
        style={
          Object {
            "backgroundColor": "#efefef",
          }
        }
      />
      <div
        className="active-block"
        style={
          Object {
            "backgroundColor": "#efefef",
          }
        }
      />
      <div
        className="active-block"
        style={
          Object {
            "backgroundColor": "#efefef",
          }
        }
      />
      <div
        className="active-block"
        style={
          Object {
            "backgroundColor": "#efefef",
          }
        }
      />
      <div
        className="active-block"
        style={
          Object {
            "backgroundColor": "#efefef",
          }
        }
      />
      <div
        className="time-label"
      >
        6 am
      </div>
    </div>
    <div
      className="active-blocks"
    >
      <div
        className="active-block"
        style={
          Object {
            "backgroundColor": "#efefef",
          }
        }
      />
      <div
        className="active-block"
        style={
          Object {
            "backgroundColor": "#3182bd",
          }
        }
      />
      <div
        className="active-block"
        style={
          Object {
            "backgroundColor": "#dfdfef",
          }
        }
      />
      <div
        className="active-block"
        style={
          Object {
            "backgroundColor": "#6baed6",
          }
        }
      />
      <div
        className="active-block"
        style={
          Object {
            "backgroundColor": "#9ecae1",
          }
        }
      />
      <div
        className="active-block"
        style={
          Object {
            "backgroundColor": "#efefef",
          }
        }
      />
      <div
        className="active-block"
        style={
          Object {
            "backgroundColor": "#efefef",
          }
        }
      />
      <div
        className="time-label"
      >
        8 am
      </div>
    </div>
    <div
      className="active-blocks"
    >
      <div
        className="active-block"
        style={
          Object {
            "backgroundColor": "#efefef",
          }
        }
      />
      <div
        className="active-block"
        style={
          Object {
            "backgroundColor": "#efefef",
          }
        }
      />
      <div
        className="active-block"
        style={
          Object {
            "backgroundColor": "#efefef",
          }
        }
      />
      <div
        className="active-block"
        style={
          Object {
            "backgroundColor": "#9ecae1",
          }
        }
      />
      <div
        className="active-block"
        style={
          Object {
            "backgroundColor": "#9ecae1",
          }
        }
      />
      <div
        className="active-block"
        style={
          Object {
            "backgroundColor": "#efefef",
          }
        }
      />
      <div
        className="active-block"
        style={
          Object {
            "backgroundColor": "#efefef",
          }
        }
      />
      <div
        className="time-label"
      >
        10 am
      </div>
    </div>
    <div
      className="active-blocks"
    >
      <div
        className="active-block"
        style={
          Object {
            "backgroundColor": "#efefef",
          }
        }
      />
      <div
        className="active-block"
        style={
          Object {
            "backgroundColor": "#08306b",
          }
        }
      />
      <div
        className="active-block"
        style={
          Object {
            "backgroundColor": "#efefef",
          }
        }
      />
      <div
        className="active-block"
        style={
          Object {
            "backgroundColor": "#dfdfef",
          }
        }
      />
      <div
        className="active-block"
        style={
          Object {
            "backgroundColor": "#9ecae1",
          }
        }
      />
      <div
        className="active-block"
        style={
          Object {
            "backgroundColor": "#efefef",
          }
        }
      />
      <div
        className="active-block"
        style={
          Object {
            "backgroundColor": "#efefef",
          }
        }
      />
      <div
        className="time-label"
      >
        12 pm
      </div>
    </div>
    <div
      className="active-blocks"
    >
      <div
        className="active-block"
        style={
          Object {
            "backgroundColor": "#efefef",
          }
        }
      />
      <div
        className="active-block"
        style={
          Object {
            "backgroundColor": "#6baed6",
          }
        }
      />
      <div
        className="active-block"
        style={
          Object {
            "backgroundColor": "#efefef",
          }
        }
      />
      <div
        className="active-block"
        style={
          Object {
            "backgroundColor": "#efefef",
          }
        }
      />
      <div
        className="active-block"
        style={
          Object {
            "backgroundColor": "#efefef",
          }
        }
      />
      <div
        className="active-block"
        style={
          Object {
            "backgroundColor": "#efefef",
          }
        }
      />
      <div
        className="active-block"
        style={
          Object {
            "backgroundColor": "#efefef",
          }
        }
      />
      <div
        className="time-label"
      >
        2 pm
      </div>
    </div>
    <div
      className="active-blocks"
    >
      <div
        className="active-block"
        style={
          Object {
            "backgroundColor": "#efefef",
          }
        }
      />
      <div
        className="active-block"
        style={
          Object {
            "backgroundColor": "#dfdfef",
          }
        }
      />
      <div
        className="active-block"
        style={
          Object {
            "backgroundColor": "#efefef",
          }
        }
      />
      <div
        className="active-block"
        style={
          Object {
            "backgroundColor": "#efefef",
          }
        }
      />
      <div
        className="active-block"
        style={
          Object {
            "backgroundColor": "#6baed6",
          }
        }
      />
      <div
        className="active-block"
        style={
          Object {
            "backgroundColor": "#efefef",
          }
        }
      />
      <div
        className="active-block"
        style={
          Object {
            "backgroundColor": "#efefef",
          }
        }
      />
      <div
        className="time-label"
      >
        4 pm
      </div>
    </div>
    <div
      className="active-blocks"
    >
      <div
        className="active-block"
        style={
          Object {
            "backgroundColor": "#9ecae1",
          }
        }
      />
      <div
        className="active-block"
        style={
          Object {
            "backgroundColor": "#6baed6",
          }
        }
      />
      <div
        className="active-block"
        style={
          Object {
            "backgroundColor": "#9ecae1",
          }
        }
      />
      <div
        className="active-block"
        style={
          Object {
            "backgroundColor": "#3182bd",
          }
        }
      />
      <div
        className="active-block"
        style={
          Object {
            "backgroundColor": "#efefef",
          }
        }
      />
      <div
        className="active-block"
        style={
          Object {
            "backgroundColor": "#9ecae1",
          }
        }
      />
      <div
        className="active-block"
        style={
          Object {
            "backgroundColor": "#3182bd",
          }
        }
      />
      <div
        className="time-label"
      >
        6 pm
      </div>
    </div>
    <div
      className="active-blocks"
    >
      <div
        className="active-block"
        style={
          Object {
            "backgroundColor": "#9ecae1",
          }
        }
      />
      <div
        className="active-block"
        style={
          Object {
            "backgroundColor": "#efefef",
          }
        }
      />
      <div
        className="active-block"
        style={
          Object {
            "backgroundColor": "#08306b",
          }
        }
      />
      <div
        className="active-block"
        style={
          Object {
            "backgroundColor": "#dfdfef",
          }
        }
      />
      <div
        className="active-block"
        style={
          Object {
            "backgroundColor": "#9ecae1",
          }
        }
      />
      <div
        className="active-block"
        style={
          Object {
            "backgroundColor": "#6baed6",
          }
        }
      />
      <div
        className="active-block"
        style={
          Object {
            "backgroundColor": "#9ecae1",
          }
        }
      />
      <div
        className="time-label"
      >
        8 pm
      </div>
    </div>
    <div
      className="active-blocks"
    >
      <div
        className="active-block"
        style={
          Object {
            "backgroundColor": "#efefef",
          }
        }
      />
      <div
        className="active-block"
        style={
          Object {
            "backgroundColor": "#efefef",
          }
        }
      />
      <div
        className="active-block"
        style={
          Object {
            "backgroundColor": "#efefef",
          }
        }
      />
      <div
        className="active-block"
        style={
          Object {
            "backgroundColor": "#efefef",
          }
        }
      />
      <div
        className="active-block"
        style={
          Object {
            "backgroundColor": "#3182bd",
          }
        }
      />
      <div
        className="active-block"
        style={
          Object {
            "backgroundColor": "#efefef",
          }
        }
      />
      <div
        className="active-block"
        style={
          Object {
            "backgroundColor": "#efefef",
          }
        }
      />
      <div
        className="time-label"
      >
        10 pm
      </div>
    </div>
    <div
      className="days-of-week"
    >
      <div
        className="day"
      >
        Sun
      </div>
      <div
        className="day"
      >
        Mon
      </div>
      <div
        className="day"
      >
        Tues
      </div>
      <div
        className="day"
      >
        Wed
      </div>
      <div
        className="day"
      >
        Thur
      </div>
      <div
        className="day"
      >
        Fri
      </div>
      <div
        className="day"
      >
        Sat
      </div>
    </div>
  </div>
  <div
    className="active-times-popular"
  >
    <div
      className="active-times-popular-header"
    >
      Most Popular Time
    </div>
    <div
      className="active-times-popular-content"
    >
      Monday
      , 
      12 pm
       – 
      2 pm
    </div>
  </div>
</div>
`;

exports[`Site admin user course enrollment overview active times widget (has no data) Basic render test 1`] = `
<div
  className="active-times-widget"
>
  <div
    className="active-times-header"
  >
    Active Times
  </div>
  <div
    className="active-times-chart"
  >
    <div
      className="active-blocks"
    >
      <div
        className="active-block"
        style={
          Object {
            "backgroundColor": "#efefef",
          }
        }
      />
      <div
        className="active-block"
        style={
          Object {
            "backgroundColor": "#efefef",
          }
        }
      />
      <div
        className="active-block"
        style={
          Object {
            "backgroundColor": "#efefef",
          }
        }
      />
      <div
        className="active-block"
        style={
          Object {
            "backgroundColor": "#efefef",
          }
        }
      />
      <div
        className="active-block"
        style={
          Object {
            "backgroundColor": "#efefef",
          }
        }
      />
      <div
        className="active-block"
        style={
          Object {
            "backgroundColor": "#efefef",
          }
        }
      />
      <div
        className="active-block"
        style={
          Object {
            "backgroundColor": "#efefef",
          }
        }
      />
      <div
        className="time-label"
      >
        12 am
      </div>
    </div>
    <div
      className="active-blocks"
    >
      <div
        className="active-block"
        style={
          Object {
            "backgroundColor": "#efefef",
          }
        }
      />
      <div
        className="active-block"
        style={
          Object {
            "backgroundColor": "#efefef",
          }
        }
      />
      <div
        className="active-block"
        style={
          Object {
            "backgroundColor": "#efefef",
          }
        }
      />
      <div
        className="active-block"
        style={
          Object {
            "backgroundColor": "#efefef",
          }
        }
      />
      <div
        className="active-block"
        style={
          Object {
            "backgroundColor": "#efefef",
          }
        }
      />
      <div
        className="active-block"
        style={
          Object {
            "backgroundColor": "#efefef",
          }
        }
      />
      <div
        className="active-block"
        style={
          Object {
            "backgroundColor": "#efefef",
          }
        }
      />
      <div
        className="time-label"
      >
        2 am
      </div>
    </div>
    <div
      className="active-blocks"
    >
      <div
        className="active-block"
        style={
          Object {
            "backgroundColor": "#efefef",
          }
        }
      />
      <div
        className="active-block"
        style={
          Object {
            "backgroundColor": "#efefef",
          }
        }
      />
      <div
        className="active-block"
        style={
          Object {
            "backgroundColor": "#efefef",
          }
        }
      />
      <div
        className="active-block"
        style={
          Object {
            "backgroundColor": "#efefef",
          }
        }
      />
      <div
        className="active-block"
        style={
          Object {
            "backgroundColor": "#efefef",
          }
        }
      />
      <div
        className="active-block"
        style={
          Object {
            "backgroundColor": "#efefef",
          }
        }
      />
      <div
        className="active-block"
        style={
          Object {
            "backgroundColor": "#efefef",
          }
        }
      />
      <div
        className="time-label"
      >
        4 am
      </div>
    </div>
    <div
      className="active-blocks"
    >
      <div
        className="active-block"
        style={
          Object {
            "backgroundColor": "#efefef",
          }
        }
      />
      <div
        className="active-block"
        style={
          Object {
            "backgroundColor": "#efefef",
          }
        }
      />
      <div
        className="active-block"
        style={
          Object {
            "backgroundColor": "#efefef",
          }
        }
      />
      <div
        className="active-block"
        style={
          Object {
            "backgroundColor": "#efefef",
          }
        }
      />
      <div
        className="active-block"
        style={
          Object {
            "backgroundColor": "#efefef",
          }
        }
      />
      <div
        className="active-block"
        style={
          Object {
            "backgroundColor": "#efefef",
          }
        }
      />
      <div
        className="active-block"
        style={
          Object {
            "backgroundColor": "#efefef",
          }
        }
      />
      <div
        className="time-label"
      >
        6 am
      </div>
    </div>
    <div
      className="active-blocks"
    >
      <div
        className="active-block"
        style={
          Object {
            "backgroundColor": "#efefef",
          }
        }
      />
      <div
        className="active-block"
        style={
          Object {
            "backgroundColor": "#efefef",
          }
        }
      />
      <div
        className="active-block"
        style={
          Object {
            "backgroundColor": "#efefef",
          }
        }
      />
      <div
        className="active-block"
        style={
          Object {
            "backgroundColor": "#efefef",
          }
        }
      />
      <div
        className="active-block"
        style={
          Object {
            "backgroundColor": "#efefef",
          }
        }
      />
      <div
        className="active-block"
        style={
          Object {
            "backgroundColor": "#efefef",
          }
        }
      />
      <div
        className="active-block"
        style={
          Object {
            "backgroundColor": "#efefef",
          }
        }
      />
      <div
        className="time-label"
      >
        8 am
      </div>
    </div>
    <div
      className="active-blocks"
    >
      <div
        className="active-block"
        style={
          Object {
            "backgroundColor": "#efefef",
          }
        }
      />
      <div
        className="active-block"
        style={
          Object {
            "backgroundColor": "#efefef",
          }
        }
      />
      <div
        className="active-block"
        style={
          Object {
            "backgroundColor": "#efefef",
          }
        }
      />
      <div
        className="active-block"
        style={
          Object {
            "backgroundColor": "#efefef",
          }
        }
      />
      <div
        className="active-block"
        style={
          Object {
            "backgroundColor": "#efefef",
          }
        }
      />
      <div
        className="active-block"
        style={
          Object {
            "backgroundColor": "#efefef",
          }
        }
      />
      <div
        className="active-block"
        style={
          Object {
            "backgroundColor": "#efefef",
          }
        }
      />
      <div
        className="time-label"
      >
        10 am
      </div>
    </div>
    <div
      className="active-blocks"
    >
      <div
        className="active-block"
        style={
          Object {
            "backgroundColor": "#efefef",
          }
        }
      />
      <div
        className="active-block"
        style={
          Object {
            "backgroundColor": "#efefef",
          }
        }
      />
      <div
        className="active-block"
        style={
          Object {
            "backgroundColor": "#efefef",
          }
        }
      />
      <div
        className="active-block"
        style={
          Object {
            "backgroundColor": "#efefef",
          }
        }
      />
      <div
        className="active-block"
        style={
          Object {
            "backgroundColor": "#efefef",
          }
        }
      />
      <div
        className="active-block"
        style={
          Object {
            "backgroundColor": "#efefef",
          }
        }
      />
      <div
        className="active-block"
        style={
          Object {
            "backgroundColor": "#efefef",
          }
        }
      />
      <div
        className="time-label"
      >
        12 pm
      </div>
    </div>
    <div
      className="active-blocks"
    >
      <div
        className="active-block"
        style={
          Object {
            "backgroundColor": "#efefef",
          }
        }
      />
      <div
        className="active-block"
        style={
          Object {
            "backgroundColor": "#efefef",
          }
        }
      />
      <div
        className="active-block"
        style={
          Object {
            "backgroundColor": "#efefef",
          }
        }
      />
      <div
        className="active-block"
        style={
          Object {
            "backgroundColor": "#efefef",
          }
        }
      />
      <div
        className="active-block"
        style={
          Object {
            "backgroundColor": "#efefef",
          }
        }
      />
      <div
        className="active-block"
        style={
          Object {
            "backgroundColor": "#efefef",
          }
        }
      />
      <div
        className="active-block"
        style={
          Object {
            "backgroundColor": "#efefef",
          }
        }
      />
      <div
        className="time-label"
      >
        2 pm
      </div>
    </div>
    <div
      className="active-blocks"
    >
      <div
        className="active-block"
        style={
          Object {
            "backgroundColor": "#efefef",
          }
        }
      />
      <div
        className="active-block"
        style={
          Object {
            "backgroundColor": "#efefef",
          }
        }
      />
      <div
        className="active-block"
        style={
          Object {
            "backgroundColor": "#efefef",
          }
        }
      />
      <div
        className="active-block"
        style={
          Object {
            "backgroundColor": "#efefef",
          }
        }
      />
      <div
        className="active-block"
        style={
          Object {
            "backgroundColor": "#efefef",
          }
        }
      />
      <div
        className="active-block"
        style={
          Object {
            "backgroundColor": "#efefef",
          }
        }
      />
      <div
        className="active-block"
        style={
          Object {
            "backgroundColor": "#efefef",
          }
        }
      />
      <div
        className="time-label"
      >
        4 pm
      </div>
    </div>
    <div
      className="active-blocks"
    >
      <div
        className="active-block"
        style={
          Object {
            "backgroundColor": "#efefef",
          }
        }
      />
      <div
        className="active-block"
        style={
          Object {
            "backgroundColor": "#efefef",
          }
        }
      />
      <div
        className="active-block"
        style={
          Object {
            "backgroundColor": "#efefef",
          }
        }
      />
      <div
        className="active-block"
        style={
          Object {
            "backgroundColor": "#efefef",
          }
        }
      />
      <div
        className="active-block"
        style={
          Object {
            "backgroundColor": "#efefef",
          }
        }
      />
      <div
        className="active-block"
        style={
          Object {
            "backgroundColor": "#efefef",
          }
        }
      />
      <div
        className="active-block"
        style={
          Object {
            "backgroundColor": "#efefef",
          }
        }
      />
      <div
        className="time-label"
      >
        6 pm
      </div>
    </div>
    <div
      className="active-blocks"
    >
      <div
        className="active-block"
        style={
          Object {
            "backgroundColor": "#efefef",
          }
        }
      />
      <div
        className="active-block"
        style={
          Object {
            "backgroundColor": "#efefef",
          }
        }
      />
      <div
        className="active-block"
        style={
          Object {
            "backgroundColor": "#efefef",
          }
        }
      />
      <div
        className="active-block"
        style={
          Object {
            "backgroundColor": "#efefef",
          }
        }
      />
      <div
        className="active-block"
        style={
          Object {
            "backgroundColor": "#efefef",
          }
        }
      />
      <div
        className="active-block"
        style={
          Object {
            "backgroundColor": "#efefef",
          }
        }
      />
      <div
        className="active-block"
        style={
          Object {
            "backgroundColor": "#efefef",
          }
        }
      />
      <div
        className="time-label"
      >
        8 pm
      </div>
    </div>
    <div
      className="active-blocks"
    >
      <div
        className="active-block"
        style={
          Object {
            "backgroundColor": "#efefef",
          }
        }
      />
      <div
        className="active-block"
        style={
          Object {
            "backgroundColor": "#efefef",
          }
        }
      />
      <div
        className="active-block"
        style={
          Object {
            "backgroundColor": "#efefef",
          }
        }
      />
      <div
        className="active-block"
        style={
          Object {
            "backgroundColor": "#efefef",
          }
        }
      />
      <div
        className="active-block"
        style={
          Object {
            "backgroundColor": "#efefef",
          }
        }
      />
      <div
        className="active-block"
        style={
          Object {
            "backgroundColor": "#efefef",
          }
        }
      />
      <div
        className="active-block"
        style={
          Object {
            "backgroundColor": "#efefef",
          }
        }
      />
      <div
        className="time-label"
      >
        10 pm
      </div>
    </div>
    <div
      className="days-of-week"
    >
      <div
        className="day"
      >
        Sun
      </div>
      <div
        className="day"
      >
        Mon
      </div>
      <div
        className="day"
      >
        Tues
      </div>
      <div
        className="day"
      >
        Wed
      </div>
      <div
        className="day"
      >
        Thur
      </div>
      <div
        className="day"
      >
        Fri
      </div>
      <div
        className="day"
      >
        Sat
      </div>
    </div>
  </div>
  <div
    className="active-times-popular"
  >
    <div
      className="active-times-popular-header"
    >
      Most Popular Time
    </div>
    <div
      className="active-times-popular-content"
    >
      No Activity Found
    </div>
  </div>
</div>
`;
