// Jest Snapshot v1, https://goo.gl/fbAQLP

exports[`Site admin user table name column test Test for admins 1`] = `
<div
  className="pathLink nti-link-to-path"
  to="#"
>
  <div>
    <div>
      <div>
        user@blah.com
      </div>
    </div>
  </div>
</div>
`;

exports[`Site admin user table name column test Test for learners 1`] = `
<div
  className="pathLink nti-link-to-path"
  to="#"
>
  <div>
    <div>
      <div>
        user@blah.com
      </div>
    </div>
  </div>
</div>
`;
