// Jest Snapshot v1, https://goo.gl/fbAQLP

exports[`Site admin content book list (with 5 items) Basic render test 1`] = `
<div
  className="content-table-container"
>
  <div>
    <div
      className="header"
    >
      <div
        className="title"
      >
        Books
      </div>
    </div>
    <table
      className="nti-generic-table"
    >
      <thead>
        <tr>
          <th
            className="bookname-col nti-table-simple-header"
          >
            <div
              className="sortable"
              onClick={[Function]}
            >
              <span>
                Name
              </span>
            </div>
          </th>
          <th
            className="createdtime-col nti-table-simple-header"
          >
            <div
              className="sortable"
              onClick={[Function]}
            >
              <span>
                Created
              </span>
            </div>
          </th>
        </tr>
      </thead>
      <tbody>
        <tr>
          <td
            className="bookname-col"
          >
            <div
              className="nti-link-to-path"
              exact={true}
              to="./book/id1"
            >
              <div
                className="cell"
              >
                <img
                  className="book-icon"
                  src="contentpackage-landing-232x170.png?t=0"
                />
                <div
                  className="book-info"
                >
                  <div
                    className="title"
                  >
                    id1
                  </div>
                </div>
              </div>
            </div>
          </td>
          <td
            className="createdtime-col"
          >
            <div
              className="cell"
            >
              <time
                className="value ntiText"
                dateTime="2017-10-30T00:00:00Z"
              >
                Oct 30, 2017
              </time>
            </div>
          </td>
        </tr>
        <tr>
          <td
            className="bookname-col"
          >
            <div
              className="nti-link-to-path"
              exact={true}
              to="./book/id2"
            >
              <div
                className="cell"
              >
                <img
                  className="book-icon"
                  src="contentpackage-landing-232x170.png?t=0"
                />
                <div
                  className="book-info"
                >
                  <div
                    className="title"
                  >
                    id2
                  </div>
                </div>
              </div>
            </div>
          </td>
          <td
            className="createdtime-col"
          >
            <div
              className="cell"
            >
              <time
                className="value ntiText"
                dateTime="2017-10-30T00:00:00Z"
              >
                Oct 30, 2017
              </time>
            </div>
          </td>
        </tr>
        <tr>
          <td
            className="bookname-col"
          >
            <div
              className="nti-link-to-path"
              exact={true}
              to="./book/id3"
            >
              <div
                className="cell"
              >
                <img
                  className="book-icon"
                  src="contentpackage-landing-232x170.png?t=0"
                />
                <div
                  className="book-info"
                >
                  <div
                    className="title"
                  >
                    id3
                  </div>
                </div>
              </div>
            </div>
          </td>
          <td
            className="createdtime-col"
          >
            <div
              className="cell"
            >
              <time
                className="value ntiText"
                dateTime="2017-10-30T00:00:00Z"
              >
                Oct 30, 2017
              </time>
            </div>
          </td>
        </tr>
        <tr>
          <td
            className="bookname-col"
          >
            <div
              className="nti-link-to-path"
              exact={true}
              to="./book/id4"
            >
              <div
                className="cell"
              >
                <img
                  className="book-icon"
                  src="contentpackage-landing-232x170.png?t=0"
                />
                <div
                  className="book-info"
                >
                  <div
                    className="title"
                  >
                    id4
                  </div>
                </div>
              </div>
            </div>
          </td>
          <td
            className="createdtime-col"
          >
            <div
              className="cell"
            >
              <time
                className="value ntiText"
                dateTime="2017-10-30T00:00:00Z"
              >
                Oct 30, 2017
              </time>
            </div>
          </td>
        </tr>
        <tr>
          <td
            className="bookname-col"
          >
            <div
              className="nti-link-to-path"
              exact={true}
              to="./book/id5"
            >
              <div
                className="cell"
              >
                <img
                  className="book-icon"
                  src="contentpackage-landing-232x170.png?t=0"
                />
                <div
                  className="book-info"
                >
                  <div
                    className="title"
                  >
                    id5
                  </div>
                </div>
              </div>
            </div>
          </td>
          <td
            className="createdtime-col"
          >
            <div
              className="cell"
            >
              <time
                className="value ntiText"
                dateTime="2017-10-30T00:00:00Z"
              >
                Oct 30, 2017
              </time>
            </div>
          </td>
        </tr>
      </tbody>
    </table>
  </div>
</div>
`;

exports[`Site admin content book list (with 25 items) Basic render test 1`] = `
<div
  className="content-table-container"
>
  <div>
    <div
      className="header"
    >
      <div
        className="title"
      >
        Books
      </div>
    </div>
    <table
      className="nti-generic-table"
    >
      <thead>
        <tr>
          <th
            className="bookname-col nti-table-simple-header"
          >
            <div
              className="sortable"
              onClick={[Function]}
            >
              <span>
                Name
              </span>
            </div>
          </th>
          <th
            className="createdtime-col nti-table-simple-header"
          >
            <div
              className="sortable"
              onClick={[Function]}
            >
              <span>
                Created
              </span>
            </div>
          </th>
        </tr>
      </thead>
      <tbody>
        <tr>
          <td
            className="bookname-col"
          >
            <div
              className="nti-link-to-path"
              exact={true}
              to="./book/id1"
            >
              <div
                className="cell"
              >
                <img
                  className="book-icon"
                  src="contentpackage-landing-232x170.png?t=0"
                />
                <div
                  className="book-info"
                >
                  <div
                    className="title"
                  >
                    id1
                  </div>
                </div>
              </div>
            </div>
          </td>
          <td
            className="createdtime-col"
          >
            <div
              className="cell"
            >
              <time
                className="value ntiText"
                dateTime="2017-10-30T00:00:00Z"
              >
                Oct 30, 2017
              </time>
            </div>
          </td>
        </tr>
        <tr>
          <td
            className="bookname-col"
          >
            <div
              className="nti-link-to-path"
              exact={true}
              to="./book/id2"
            >
              <div
                className="cell"
              >
                <img
                  className="book-icon"
                  src="contentpackage-landing-232x170.png?t=0"
                />
                <div
                  className="book-info"
                >
                  <div
                    className="title"
                  >
                    id2
                  </div>
                </div>
              </div>
            </div>
          </td>
          <td
            className="createdtime-col"
          >
            <div
              className="cell"
            >
              <time
                className="value ntiText"
                dateTime="2017-10-30T00:00:00Z"
              >
                Oct 30, 2017
              </time>
            </div>
          </td>
        </tr>
        <tr>
          <td
            className="bookname-col"
          >
            <div
              className="nti-link-to-path"
              exact={true}
              to="./book/id3"
            >
              <div
                className="cell"
              >
                <img
                  className="book-icon"
                  src="contentpackage-landing-232x170.png?t=0"
                />
                <div
                  className="book-info"
                >
                  <div
                    className="title"
                  >
                    id3
                  </div>
                </div>
              </div>
            </div>
          </td>
          <td
            className="createdtime-col"
          >
            <div
              className="cell"
            >
              <time
                className="value ntiText"
                dateTime="2017-10-30T00:00:00Z"
              >
                Oct 30, 2017
              </time>
            </div>
          </td>
        </tr>
        <tr>
          <td
            className="bookname-col"
          >
            <div
              className="nti-link-to-path"
              exact={true}
              to="./book/id4"
            >
              <div
                className="cell"
              >
                <img
                  className="book-icon"
                  src="contentpackage-landing-232x170.png?t=0"
                />
                <div
                  className="book-info"
                >
                  <div
                    className="title"
                  >
                    id4
                  </div>
                </div>
              </div>
            </div>
          </td>
          <td
            className="createdtime-col"
          >
            <div
              className="cell"
            >
              <time
                className="value ntiText"
                dateTime="2017-10-30T00:00:00Z"
              >
                Oct 30, 2017
              </time>
            </div>
          </td>
        </tr>
        <tr>
          <td
            className="bookname-col"
          >
            <div
              className="nti-link-to-path"
              exact={true}
              to="./book/id5"
            >
              <div
                className="cell"
              >
                <img
                  className="book-icon"
                  src="contentpackage-landing-232x170.png?t=0"
                />
                <div
                  className="book-info"
                >
                  <div
                    className="title"
                  >
                    id5
                  </div>
                </div>
              </div>
            </div>
          </td>
          <td
            className="createdtime-col"
          >
            <div
              className="cell"
            >
              <time
                className="value ntiText"
                dateTime="2017-10-30T00:00:00Z"
              >
                Oct 30, 2017
              </time>
            </div>
          </td>
        </tr>
        <tr>
          <td
            className="bookname-col"
          >
            <div
              className="nti-link-to-path"
              exact={true}
              to="./book/id6"
            >
              <div
                className="cell"
              >
                <img
                  className="book-icon"
                  src="contentpackage-landing-232x170.png?t=0"
                />
                <div
                  className="book-info"
                >
                  <div
                    className="title"
                  >
                    id6
                  </div>
                </div>
              </div>
            </div>
          </td>
          <td
            className="createdtime-col"
          >
            <div
              className="cell"
            >
              <time
                className="value ntiText"
                dateTime="2017-10-30T00:00:00Z"
              >
                Oct 30, 2017
              </time>
            </div>
          </td>
        </tr>
        <tr>
          <td
            className="bookname-col"
          >
            <div
              className="nti-link-to-path"
              exact={true}
              to="./book/id7"
            >
              <div
                className="cell"
              >
                <img
                  className="book-icon"
                  src="contentpackage-landing-232x170.png?t=0"
                />
                <div
                  className="book-info"
                >
                  <div
                    className="title"
                  >
                    id7
                  </div>
                </div>
              </div>
            </div>
          </td>
          <td
            className="createdtime-col"
          >
            <div
              className="cell"
            >
              <time
                className="value ntiText"
                dateTime="2017-10-30T00:00:00Z"
              >
                Oct 30, 2017
              </time>
            </div>
          </td>
        </tr>
        <tr>
          <td
            className="bookname-col"
          >
            <div
              className="nti-link-to-path"
              exact={true}
              to="./book/id8"
            >
              <div
                className="cell"
              >
                <img
                  className="book-icon"
                  src="contentpackage-landing-232x170.png?t=0"
                />
                <div
                  className="book-info"
                >
                  <div
                    className="title"
                  >
                    id8
                  </div>
                </div>
              </div>
            </div>
          </td>
          <td
            className="createdtime-col"
          >
            <div
              className="cell"
            >
              <time
                className="value ntiText"
                dateTime="2017-10-30T00:00:00Z"
              >
                Oct 30, 2017
              </time>
            </div>
          </td>
        </tr>
        <tr>
          <td
            className="bookname-col"
          >
            <div
              className="nti-link-to-path"
              exact={true}
              to="./book/id9"
            >
              <div
                className="cell"
              >
                <img
                  className="book-icon"
                  src="contentpackage-landing-232x170.png?t=0"
                />
                <div
                  className="book-info"
                >
                  <div
                    className="title"
                  >
                    id9
                  </div>
                </div>
              </div>
            </div>
          </td>
          <td
            className="createdtime-col"
          >
            <div
              className="cell"
            >
              <time
                className="value ntiText"
                dateTime="2017-10-30T00:00:00Z"
              >
                Oct 30, 2017
              </time>
            </div>
          </td>
        </tr>
        <tr>
          <td
            className="bookname-col"
          >
            <div
              className="nti-link-to-path"
              exact={true}
              to="./book/id10"
            >
              <div
                className="cell"
              >
                <img
                  className="book-icon"
                  src="contentpackage-landing-232x170.png?t=0"
                />
                <div
                  className="book-info"
                >
                  <div
                    className="title"
                  >
                    id10
                  </div>
                </div>
              </div>
            </div>
          </td>
          <td
            className="createdtime-col"
          >
            <div
              className="cell"
            >
              <time
                className="value ntiText"
                dateTime="2017-10-30T00:00:00Z"
              >
                Oct 30, 2017
              </time>
            </div>
          </td>
        </tr>
        <tr>
          <td
            className="bookname-col"
          >
            <div
              className="nti-link-to-path"
              exact={true}
              to="./book/id11"
            >
              <div
                className="cell"
              >
                <img
                  className="book-icon"
                  src="contentpackage-landing-232x170.png?t=0"
                />
                <div
                  className="book-info"
                >
                  <div
                    className="title"
                  >
                    id11
                  </div>
                </div>
              </div>
            </div>
          </td>
          <td
            className="createdtime-col"
          >
            <div
              className="cell"
            >
              <time
                className="value ntiText"
                dateTime="2017-10-30T00:00:00Z"
              >
                Oct 30, 2017
              </time>
            </div>
          </td>
        </tr>
        <tr>
          <td
            className="bookname-col"
          >
            <div
              className="nti-link-to-path"
              exact={true}
              to="./book/id12"
            >
              <div
                className="cell"
              >
                <img
                  className="book-icon"
                  src="contentpackage-landing-232x170.png?t=0"
                />
                <div
                  className="book-info"
                >
                  <div
                    className="title"
                  >
                    id12
                  </div>
                </div>
              </div>
            </div>
          </td>
          <td
            className="createdtime-col"
          >
            <div
              className="cell"
            >
              <time
                className="value ntiText"
                dateTime="2017-10-30T00:00:00Z"
              >
                Oct 30, 2017
              </time>
            </div>
          </td>
        </tr>
        <tr>
          <td
            className="bookname-col"
          >
            <div
              className="nti-link-to-path"
              exact={true}
              to="./book/id13"
            >
              <div
                className="cell"
              >
                <img
                  className="book-icon"
                  src="contentpackage-landing-232x170.png?t=0"
                />
                <div
                  className="book-info"
                >
                  <div
                    className="title"
                  >
                    id13
                  </div>
                </div>
              </div>
            </div>
          </td>
          <td
            className="createdtime-col"
          >
            <div
              className="cell"
            >
              <time
                className="value ntiText"
                dateTime="2017-10-30T00:00:00Z"
              >
                Oct 30, 2017
              </time>
            </div>
          </td>
        </tr>
        <tr>
          <td
            className="bookname-col"
          >
            <div
              className="nti-link-to-path"
              exact={true}
              to="./book/id14"
            >
              <div
                className="cell"
              >
                <img
                  className="book-icon"
                  src="contentpackage-landing-232x170.png?t=0"
                />
                <div
                  className="book-info"
                >
                  <div
                    className="title"
                  >
                    id14
                  </div>
                </div>
              </div>
            </div>
          </td>
          <td
            className="createdtime-col"
          >
            <div
              className="cell"
            >
              <time
                className="value ntiText"
                dateTime="2017-10-30T00:00:00Z"
              >
                Oct 30, 2017
              </time>
            </div>
          </td>
        </tr>
        <tr>
          <td
            className="bookname-col"
          >
            <div
              className="nti-link-to-path"
              exact={true}
              to="./book/id15"
            >
              <div
                className="cell"
              >
                <img
                  className="book-icon"
                  src="contentpackage-landing-232x170.png?t=0"
                />
                <div
                  className="book-info"
                >
                  <div
                    className="title"
                  >
                    id15
                  </div>
                </div>
              </div>
            </div>
          </td>
          <td
            className="createdtime-col"
          >
            <div
              className="cell"
            >
              <time
                className="value ntiText"
                dateTime="2017-10-30T00:00:00Z"
              >
                Oct 30, 2017
              </time>
            </div>
          </td>
        </tr>
        <tr>
          <td
            className="bookname-col"
          >
            <div
              className="nti-link-to-path"
              exact={true}
              to="./book/id16"
            >
              <div
                className="cell"
              >
                <img
                  className="book-icon"
                  src="contentpackage-landing-232x170.png?t=0"
                />
                <div
                  className="book-info"
                >
                  <div
                    className="title"
                  >
                    id16
                  </div>
                </div>
              </div>
            </div>
          </td>
          <td
            className="createdtime-col"
          >
            <div
              className="cell"
            >
              <time
                className="value ntiText"
                dateTime="2017-10-30T00:00:00Z"
              >
                Oct 30, 2017
              </time>
            </div>
          </td>
        </tr>
        <tr>
          <td
            className="bookname-col"
          >
            <div
              className="nti-link-to-path"
              exact={true}
              to="./book/id17"
            >
              <div
                className="cell"
              >
                <img
                  className="book-icon"
                  src="contentpackage-landing-232x170.png?t=0"
                />
                <div
                  className="book-info"
                >
                  <div
                    className="title"
                  >
                    id17
                  </div>
                </div>
              </div>
            </div>
          </td>
          <td
            className="createdtime-col"
          >
            <div
              className="cell"
            >
              <time
                className="value ntiText"
                dateTime="2017-10-30T00:00:00Z"
              >
                Oct 30, 2017
              </time>
            </div>
          </td>
        </tr>
        <tr>
          <td
            className="bookname-col"
          >
            <div
              className="nti-link-to-path"
              exact={true}
              to="./book/id18"
            >
              <div
                className="cell"
              >
                <img
                  className="book-icon"
                  src="contentpackage-landing-232x170.png?t=0"
                />
                <div
                  className="book-info"
                >
                  <div
                    className="title"
                  >
                    id18
                  </div>
                </div>
              </div>
            </div>
          </td>
          <td
            className="createdtime-col"
          >
            <div
              className="cell"
            >
              <time
                className="value ntiText"
                dateTime="2017-10-30T00:00:00Z"
              >
                Oct 30, 2017
              </time>
            </div>
          </td>
        </tr>
        <tr>
          <td
            className="bookname-col"
          >
            <div
              className="nti-link-to-path"
              exact={true}
              to="./book/id19"
            >
              <div
                className="cell"
              >
                <img
                  className="book-icon"
                  src="contentpackage-landing-232x170.png?t=0"
                />
                <div
                  className="book-info"
                >
                  <div
                    className="title"
                  >
                    id19
                  </div>
                </div>
              </div>
            </div>
          </td>
          <td
            className="createdtime-col"
          >
            <div
              className="cell"
            >
              <time
                className="value ntiText"
                dateTime="2017-10-30T00:00:00Z"
              >
                Oct 30, 2017
              </time>
            </div>
          </td>
        </tr>
        <tr>
          <td
            className="bookname-col"
          >
            <div
              className="nti-link-to-path"
              exact={true}
              to="./book/id20"
            >
              <div
                className="cell"
              >
                <img
                  className="book-icon"
                  src="contentpackage-landing-232x170.png?t=0"
                />
                <div
                  className="book-info"
                >
                  <div
                    className="title"
                  >
                    id20
                  </div>
                </div>
              </div>
            </div>
          </td>
          <td
            className="createdtime-col"
          >
            <div
              className="cell"
            >
              <time
                className="value ntiText"
                dateTime="2017-10-30T00:00:00Z"
              >
                Oct 30, 2017
              </time>
            </div>
          </td>
        </tr>
        <tr>
          <td
            className="bookname-col"
          >
            <div
              className="nti-link-to-path"
              exact={true}
              to="./book/id21"
            >
              <div
                className="cell"
              >
                <img
                  className="book-icon"
                  src="contentpackage-landing-232x170.png?t=0"
                />
                <div
                  className="book-info"
                >
                  <div
                    className="title"
                  >
                    id21
                  </div>
                </div>
              </div>
            </div>
          </td>
          <td
            className="createdtime-col"
          >
            <div
              className="cell"
            >
              <time
                className="value ntiText"
                dateTime="2017-10-30T00:00:00Z"
              >
                Oct 30, 2017
              </time>
            </div>
          </td>
        </tr>
        <tr>
          <td
            className="bookname-col"
          >
            <div
              className="nti-link-to-path"
              exact={true}
              to="./book/id22"
            >
              <div
                className="cell"
              >
                <img
                  className="book-icon"
                  src="contentpackage-landing-232x170.png?t=0"
                />
                <div
                  className="book-info"
                >
                  <div
                    className="title"
                  >
                    id22
                  </div>
                </div>
              </div>
            </div>
          </td>
          <td
            className="createdtime-col"
          >
            <div
              className="cell"
            >
              <time
                className="value ntiText"
                dateTime="2017-10-30T00:00:00Z"
              >
                Oct 30, 2017
              </time>
            </div>
          </td>
        </tr>
        <tr>
          <td
            className="bookname-col"
          >
            <div
              className="nti-link-to-path"
              exact={true}
              to="./book/id23"
            >
              <div
                className="cell"
              >
                <img
                  className="book-icon"
                  src="contentpackage-landing-232x170.png?t=0"
                />
                <div
                  className="book-info"
                >
                  <div
                    className="title"
                  >
                    id23
                  </div>
                </div>
              </div>
            </div>
          </td>
          <td
            className="createdtime-col"
          >
            <div
              className="cell"
            >
              <time
                className="value ntiText"
                dateTime="2017-10-30T00:00:00Z"
              >
                Oct 30, 2017
              </time>
            </div>
          </td>
        </tr>
        <tr>
          <td
            className="bookname-col"
          >
            <div
              className="nti-link-to-path"
              exact={true}
              to="./book/id24"
            >
              <div
                className="cell"
              >
                <img
                  className="book-icon"
                  src="contentpackage-landing-232x170.png?t=0"
                />
                <div
                  className="book-info"
                >
                  <div
                    className="title"
                  >
                    id24
                  </div>
                </div>
              </div>
            </div>
          </td>
          <td
            className="createdtime-col"
          >
            <div
              className="cell"
            >
              <time
                className="value ntiText"
                dateTime="2017-10-30T00:00:00Z"
              >
                Oct 30, 2017
              </time>
            </div>
          </td>
        </tr>
        <tr>
          <td
            className="bookname-col"
          >
            <div
              className="nti-link-to-path"
              exact={true}
              to="./book/id25"
            >
              <div
                className="cell"
              >
                <img
                  className="book-icon"
                  src="contentpackage-landing-232x170.png?t=0"
                />
                <div
                  className="book-info"
                >
                  <div
                    className="title"
                  >
                    id25
                  </div>
                </div>
              </div>
            </div>
          </td>
          <td
            className="createdtime-col"
          >
            <div
              className="cell"
            >
              <time
                className="value ntiText"
                dateTime="2017-10-30T00:00:00Z"
              >
                Oct 30, 2017
              </time>
            </div>
          </td>
        </tr>
      </tbody>
    </table>
    <div
      className="site-admin-table-pager"
    >
      <div
        className="page selected"
        onClick={[Function]}
      >
        1
      </div>
      <div
        className="page"
        onClick={[Function]}
      >
        2
      </div>
    </div>
  </div>
</div>
`;

exports[`Site admin content book list (with no items) Basic render test 1`] = `
<div
  className="content-table-container"
>
  <div
    className="empty-state"
  >
    There are no books
  </div>
</div>
`;
