// Jest Snapshot v1, https://goo.gl/fbAQLP

exports[`Site admin user course list test (5 courses) Basic render test 1`] = `
<DocumentFragment>
  <div
    css="__inline_css_extracted_to_hashed_class_name"
  >
    <div
      css="__inline_css_extracted_to_hashed_class_name"
    >
      <div
        class="nti-course-enrollment-admin-prompt-trigger"
      >
        <button
          class="nti-button button primary medium pv-md ph-xl roundedSmall"
          tabindex="0"
        >
          <div
            data-button-label="true"
          >
            Manage Courses
          </div>
        </button>
      </div>
    </div>
    <div
      class="site-admin-card"
      css="__inline_css_extracted_to_hashed_class_name"
    >
      <ul
        class="unadorned-list"
      >
        <li>
          <div
            class="nti-link-to-path"
            to="#"
          >
            <div
              class="nti-course-enrollment-list-item"
            >
              <img
                class="course-enrollment-icon"
                src=""
              />
              <div
                class="course-enrollment-meta"
              >
                <div
                  class="label"
                >
                  Course1
                </div>
                <div
                  class="title"
                >
                  course1
                </div>
              </div>
              <div
                class="course-enrollment-controls"
              >
                <div
                  class="nti-course-enrollment-admin-prompt-trigger"
                >
                  <i
                    class="icon-edit"
                  />
                </div>
              </div>
            </div>
          </div>
        </li>
        <li>
          <div
            class="nti-link-to-path"
            to="#"
          >
            <div
              class="nti-course-enrollment-list-item"
            >
              <img
                class="course-enrollment-icon"
                src=""
              />
              <div
                class="course-enrollment-meta"
              >
                <div
                  class="label"
                >
                  Course2
                </div>
                <div
                  class="title"
                >
                  course2
                </div>
              </div>
              <div
                class="course-enrollment-controls"
              >
                <div
                  class="nti-course-enrollment-admin-prompt-trigger"
                >
                  <i
                    class="icon-edit"
                  />
                </div>
              </div>
            </div>
          </div>
        </li>
        <li>
          <div
            class="nti-link-to-path"
            to="#"
          >
            <div
              class="nti-course-enrollment-list-item"
            >
              <img
                class="course-enrollment-icon"
                src=""
              />
              <div
                class="course-enrollment-meta"
              >
                <div
                  class="label"
                >
                  Course3
                </div>
                <div
                  class="title"
                >
                  course3
                </div>
              </div>
              <div
                class="course-enrollment-controls"
              >
                <div
                  class="nti-course-enrollment-admin-prompt-trigger"
                >
                  <i
                    class="icon-edit"
                  />
                </div>
              </div>
            </div>
          </div>
        </li>
        <li>
          <div
            class="nti-link-to-path"
            to="#"
          >
            <div
              class="nti-course-enrollment-list-item"
            >
              <img
                class="course-enrollment-icon"
                src=""
              />
              <div
                class="course-enrollment-meta"
              >
                <div
                  class="label"
                >
                  Course4
                </div>
                <div
                  class="title"
                >
                  course4
                </div>
              </div>
              <div
                class="course-enrollment-controls"
              >
                <div
                  class="nti-course-enrollment-admin-prompt-trigger"
                >
                  <i
                    class="icon-edit"
                  />
                </div>
              </div>
            </div>
          </div>
        </li>
        <li>
          <div
            class="nti-link-to-path"
            to="#"
          >
            <div
              class="nti-course-enrollment-list-item"
            >
              <img
                class="course-enrollment-icon"
                src=""
              />
              <div
                class="course-enrollment-meta"
              >
                <div
                  class="label"
                >
                  Course5
                </div>
                <div
                  class="title"
                >
                  course5
                </div>
              </div>
              <div
                class="course-enrollment-controls"
              >
                <div
                  class="nti-course-enrollment-admin-prompt-trigger"
                >
                  <i
                    class="icon-edit"
                  />
                </div>
              </div>
            </div>
          </div>
        </li>
      </ul>
    </div>
  </div>
</DocumentFragment>
`;

exports[`Site admin user course list test (no courses) Basic render test 1`] = `
<DocumentFragment>
  <div
    css="__inline_css_extracted_to_hashed_class_name"
  >
    <div
      css="__inline_css_extracted_to_hashed_class_name"
    >
      <div
        class="nti-course-enrollment-admin-prompt-trigger"
      >
        <button
          class="nti-button button primary medium pv-md ph-xl roundedSmall"
          tabindex="0"
        >
          <div
            data-button-label="true"
          >
            Manage Courses
          </div>
        </button>
      </div>
    </div>
    <figure
      class="empty-state-component"
    >
      <h1>
        This user is not enrolled in any courses
      </h1>
    </figure>
  </div>
</DocumentFragment>
`;
