// Jest Snapshot v1, https://goo.gl/fbAQLP

exports[`Site admin user admin list (with 5 items) Basic render test 1`] = `
<div
  className="users-table-container"
>
  <div>
    <div
      className="header"
    >
      <div
        className="title"
      >
        Administrators
      </div>
    </div>
    <table
      className="nti-generic-table"
    >
      <thead>
        <tr>
          <th
            className=""
          >
            <label
              className="checkbox-component"
            >
              <input
                checked={false}
                onChange={[Function]}
                type="checkbox"
              />
              <span
                className="label"
              />
            </label>
          </th>
          <th
            className="nti-table-simple-header"
          >
            <div
              className="sortable"
              onClick={[Function]}
            >
              <span>
                Name
              </span>
            </div>
          </th>
          <th
            className="nti-table-simple-header"
          >
            <div
              className="sortable"
              onClick={[Function]}
            >
              <span>
                Join Date
              </span>
            </div>
          </th>
          <th
            className="nti-table-simple-header"
          >
            <div
              className="sortable"
              onClick={[Function]}
            >
              <span>
                Last Active
              </span>
            </div>
          </th>
        </tr>
      </thead>
      <tbody>
        <tr>
          <td
            className=""
          >
            <div>
              <label
                className="checkbox-component"
              >
                <input
                  checked={false}
                  onChange={[Function]}
                  type="checkbox"
                />
                <span
                  className="label"
                />
              </label>
            </div>
          </td>
          <td>
            <div
              className="nti-link-to-path"
              exact={true}
              to="#"
            >
              <div>
                <div>
                  <div />
                </div>
              </div>
            </div>
          </td>
          <td>
            <div>
              <time
                className="ntiText"
                dateTime="2017-10-30T00:00:00+00:00"
              >
                Oct 30, 2017
              </time>
            </div>
          </td>
          <td>
            <div>
              1 Day ago
            </div>
          </td>
        </tr>
        <tr>
          <td
            className=""
          >
            <div>
              <label
                className="checkbox-component"
              >
                <input
                  checked={false}
                  onChange={[Function]}
                  type="checkbox"
                />
                <span
                  className="label"
                />
              </label>
            </div>
          </td>
          <td>
            <div
              className="nti-link-to-path"
              exact={true}
              to="#"
            >
              <div>
                <div>
                  <div />
                </div>
              </div>
            </div>
          </td>
          <td>
            <div>
              <time
                className="ntiText"
                dateTime="2017-10-30T00:00:00+00:00"
              >
                Oct 30, 2017
              </time>
            </div>
          </td>
          <td>
            <div>
              2 Days ago
            </div>
          </td>
        </tr>
        <tr>
          <td
            className=""
          >
            <div>
              <label
                className="checkbox-component"
              >
                <input
                  checked={false}
                  onChange={[Function]}
                  type="checkbox"
                />
                <span
                  className="label"
                />
              </label>
            </div>
          </td>
          <td>
            <div
              className="nti-link-to-path"
              exact={true}
              to="#"
            >
              <div>
                <div>
                  <div />
                </div>
              </div>
            </div>
          </td>
          <td>
            <div>
              <time
                className="ntiText"
                dateTime="2017-10-30T00:00:00+00:00"
              >
                Oct 30, 2017
              </time>
            </div>
          </td>
          <td>
            <div>
              3 Days ago
            </div>
          </td>
        </tr>
        <tr>
          <td
            className=""
          >
            <div>
              <label
                className="checkbox-component"
              >
                <input
                  checked={false}
                  onChange={[Function]}
                  type="checkbox"
                />
                <span
                  className="label"
                />
              </label>
            </div>
          </td>
          <td>
            <div
              className="nti-link-to-path"
              exact={true}
              to="#"
            >
              <div>
                <div>
                  <div />
                </div>
              </div>
            </div>
          </td>
          <td>
            <div>
              <time
                className="ntiText"
                dateTime="2017-10-30T00:00:00+00:00"
              >
                Oct 30, 2017
              </time>
            </div>
          </td>
          <td>
            <div>
              4 Days ago
            </div>
          </td>
        </tr>
        <tr>
          <td
            className=""
          >
            <div>
              <label
                className="checkbox-component"
              >
                <input
                  checked={false}
                  onChange={[Function]}
                  type="checkbox"
                />
                <span
                  className="label"
                />
              </label>
            </div>
          </td>
          <td>
            <div
              className="nti-link-to-path"
              exact={true}
              to="#"
            >
              <div>
                <div>
                  <div />
                </div>
              </div>
            </div>
          </td>
          <td>
            <div>
              <time
                className="ntiText"
                dateTime="2017-10-30T00:00:00+00:00"
              >
                Oct 30, 2017
              </time>
            </div>
          </td>
          <td>
            <div>
              5 Days ago
            </div>
          </td>
        </tr>
      </tbody>
    </table>
  </div>
</div>
`;

exports[`Site admin user admin list (with 25 items) Basic render test 1`] = `
<div
  className="users-table-container"
>
  <div>
    <div
      className="header"
    >
      <div
        className="title"
      >
        Administrators
      </div>
    </div>
    <table
      className="nti-generic-table"
    >
      <thead>
        <tr>
          <th
            className=""
          >
            <label
              className="checkbox-component"
            >
              <input
                checked={false}
                onChange={[Function]}
                type="checkbox"
              />
              <span
                className="label"
              />
            </label>
          </th>
          <th
            className="nti-table-simple-header"
          >
            <div
              className="sortable"
              onClick={[Function]}
            >
              <span>
                Name
              </span>
            </div>
          </th>
          <th
            className="nti-table-simple-header"
          >
            <div
              className="sortable"
              onClick={[Function]}
            >
              <span>
                Join Date
              </span>
            </div>
          </th>
          <th
            className="nti-table-simple-header"
          >
            <div
              className="sortable"
              onClick={[Function]}
            >
              <span>
                Last Active
              </span>
            </div>
          </th>
        </tr>
      </thead>
      <tbody>
        <tr>
          <td
            className=""
          >
            <div>
              <label
                className="checkbox-component"
              >
                <input
                  checked={false}
                  onChange={[Function]}
                  type="checkbox"
                />
                <span
                  className="label"
                />
              </label>
            </div>
          </td>
          <td>
            <div
              className="nti-link-to-path"
              exact={true}
              to="#"
            >
              <div>
                <div>
                  <div />
                </div>
              </div>
            </div>
          </td>
          <td>
            <div>
              <time
                className="ntiText"
                dateTime="2017-10-30T00:00:00+00:00"
              >
                Oct 30, 2017
              </time>
            </div>
          </td>
          <td>
            <div>
              1 Day ago
            </div>
          </td>
        </tr>
        <tr>
          <td
            className=""
          >
            <div>
              <label
                className="checkbox-component"
              >
                <input
                  checked={false}
                  onChange={[Function]}
                  type="checkbox"
                />
                <span
                  className="label"
                />
              </label>
            </div>
          </td>
          <td>
            <div
              className="nti-link-to-path"
              exact={true}
              to="#"
            >
              <div>
                <div>
                  <div />
                </div>
              </div>
            </div>
          </td>
          <td>
            <div>
              <time
                className="ntiText"
                dateTime="2017-10-30T00:00:00+00:00"
              >
                Oct 30, 2017
              </time>
            </div>
          </td>
          <td>
            <div>
              2 Days ago
            </div>
          </td>
        </tr>
        <tr>
          <td
            className=""
          >
            <div>
              <label
                className="checkbox-component"
              >
                <input
                  checked={false}
                  onChange={[Function]}
                  type="checkbox"
                />
                <span
                  className="label"
                />
              </label>
            </div>
          </td>
          <td>
            <div
              className="nti-link-to-path"
              exact={true}
              to="#"
            >
              <div>
                <div>
                  <div />
                </div>
              </div>
            </div>
          </td>
          <td>
            <div>
              <time
                className="ntiText"
                dateTime="2017-10-30T00:00:00+00:00"
              >
                Oct 30, 2017
              </time>
            </div>
          </td>
          <td>
            <div>
              3 Days ago
            </div>
          </td>
        </tr>
        <tr>
          <td
            className=""
          >
            <div>
              <label
                className="checkbox-component"
              >
                <input
                  checked={false}
                  onChange={[Function]}
                  type="checkbox"
                />
                <span
                  className="label"
                />
              </label>
            </div>
          </td>
          <td>
            <div
              className="nti-link-to-path"
              exact={true}
              to="#"
            >
              <div>
                <div>
                  <div />
                </div>
              </div>
            </div>
          </td>
          <td>
            <div>
              <time
                className="ntiText"
                dateTime="2017-10-30T00:00:00+00:00"
              >
                Oct 30, 2017
              </time>
            </div>
          </td>
          <td>
            <div>
              4 Days ago
            </div>
          </td>
        </tr>
        <tr>
          <td
            className=""
          >
            <div>
              <label
                className="checkbox-component"
              >
                <input
                  checked={false}
                  onChange={[Function]}
                  type="checkbox"
                />
                <span
                  className="label"
                />
              </label>
            </div>
          </td>
          <td>
            <div
              className="nti-link-to-path"
              exact={true}
              to="#"
            >
              <div>
                <div>
                  <div />
                </div>
              </div>
            </div>
          </td>
          <td>
            <div>
              <time
                className="ntiText"
                dateTime="2017-10-30T00:00:00+00:00"
              >
                Oct 30, 2017
              </time>
            </div>
          </td>
          <td>
            <div>
              5 Days ago
            </div>
          </td>
        </tr>
        <tr>
          <td
            className=""
          >
            <div>
              <label
                className="checkbox-component"
              >
                <input
                  checked={false}
                  onChange={[Function]}
                  type="checkbox"
                />
                <span
                  className="label"
                />
              </label>
            </div>
          </td>
          <td>
            <div
              className="nti-link-to-path"
              exact={true}
              to="#"
            >
              <div>
                <div>
                  <div />
                </div>
              </div>
            </div>
          </td>
          <td>
            <div>
              <time
                className="ntiText"
                dateTime="2017-10-30T00:00:00+00:00"
              >
                Oct 30, 2017
              </time>
            </div>
          </td>
          <td>
            <div>
              6 Days ago
            </div>
          </td>
        </tr>
        <tr>
          <td
            className=""
          >
            <div>
              <label
                className="checkbox-component"
              >
                <input
                  checked={false}
                  onChange={[Function]}
                  type="checkbox"
                />
                <span
                  className="label"
                />
              </label>
            </div>
          </td>
          <td>
            <div
              className="nti-link-to-path"
              exact={true}
              to="#"
            >
              <div>
                <div>
                  <div />
                </div>
              </div>
            </div>
          </td>
          <td>
            <div>
              <time
                className="ntiText"
                dateTime="2017-10-30T00:00:00+00:00"
              >
                Oct 30, 2017
              </time>
            </div>
          </td>
          <td>
            <div>
              1 Week ago
            </div>
          </td>
        </tr>
        <tr>
          <td
            className=""
          >
            <div>
              <label
                className="checkbox-component"
              >
                <input
                  checked={false}
                  onChange={[Function]}
                  type="checkbox"
                />
                <span
                  className="label"
                />
              </label>
            </div>
          </td>
          <td>
            <div
              className="nti-link-to-path"
              exact={true}
              to="#"
            >
              <div>
                <div>
                  <div />
                </div>
              </div>
            </div>
          </td>
          <td>
            <div>
              <time
                className="ntiText"
                dateTime="2017-10-30T00:00:00+00:00"
              >
                Oct 30, 2017
              </time>
            </div>
          </td>
          <td>
            <div>
              1 Week ago
            </div>
          </td>
        </tr>
        <tr>
          <td
            className=""
          >
            <div>
              <label
                className="checkbox-component"
              >
                <input
                  checked={false}
                  onChange={[Function]}
                  type="checkbox"
                />
                <span
                  className="label"
                />
              </label>
            </div>
          </td>
          <td>
            <div
              className="nti-link-to-path"
              exact={true}
              to="#"
            >
              <div>
                <div>
                  <div />
                </div>
              </div>
            </div>
          </td>
          <td>
            <div>
              <time
                className="ntiText"
                dateTime="2017-10-30T00:00:00+00:00"
              >
                Oct 30, 2017
              </time>
            </div>
          </td>
          <td>
            <div>
              1 Week ago
            </div>
          </td>
        </tr>
        <tr>
          <td
            className=""
          >
            <div>
              <label
                className="checkbox-component"
              >
                <input
                  checked={false}
                  onChange={[Function]}
                  type="checkbox"
                />
                <span
                  className="label"
                />
              </label>
            </div>
          </td>
          <td>
            <div
              className="nti-link-to-path"
              exact={true}
              to="#"
            >
              <div>
                <div>
                  <div />
                </div>
              </div>
            </div>
          </td>
          <td>
            <div>
              <time
                className="ntiText"
                dateTime="2017-10-30T00:00:00+00:00"
              >
                Oct 30, 2017
              </time>
            </div>
          </td>
          <td>
            <div>
              1 Week ago
            </div>
          </td>
        </tr>
        <tr>
          <td
            className=""
          >
            <div>
              <label
                className="checkbox-component"
              >
                <input
                  checked={false}
                  onChange={[Function]}
                  type="checkbox"
                />
                <span
                  className="label"
                />
              </label>
            </div>
          </td>
          <td>
            <div
              className="nti-link-to-path"
              exact={true}
              to="#"
            >
              <div>
                <div>
                  <div />
                </div>
              </div>
            </div>
          </td>
          <td>
            <div>
              <time
                className="ntiText"
                dateTime="2017-10-30T00:00:00+00:00"
              >
                Oct 30, 2017
              </time>
            </div>
          </td>
          <td>
            <div>
              1 Week ago
            </div>
          </td>
        </tr>
        <tr>
          <td
            className=""
          >
            <div>
              <label
                className="checkbox-component"
              >
                <input
                  checked={false}
                  onChange={[Function]}
                  type="checkbox"
                />
                <span
                  className="label"
                />
              </label>
            </div>
          </td>
          <td>
            <div
              className="nti-link-to-path"
              exact={true}
              to="#"
            >
              <div>
                <div>
                  <div />
                </div>
              </div>
            </div>
          </td>
          <td>
            <div>
              <time
                className="ntiText"
                dateTime="2017-10-30T00:00:00+00:00"
              >
                Oct 30, 2017
              </time>
            </div>
          </td>
          <td>
            <div>
              1 Week ago
            </div>
          </td>
        </tr>
        <tr>
          <td
            className=""
          >
            <div>
              <label
                className="checkbox-component"
              >
                <input
                  checked={false}
                  onChange={[Function]}
                  type="checkbox"
                />
                <span
                  className="label"
                />
              </label>
            </div>
          </td>
          <td>
            <div
              className="nti-link-to-path"
              exact={true}
              to="#"
            >
              <div>
                <div>
                  <div />
                </div>
              </div>
            </div>
          </td>
          <td>
            <div>
              <time
                className="ntiText"
                dateTime="2017-10-30T00:00:00+00:00"
              >
                Oct 30, 2017
              </time>
            </div>
          </td>
          <td>
            <div>
              1 Week ago
            </div>
          </td>
        </tr>
        <tr>
          <td
            className=""
          >
            <div>
              <label
                className="checkbox-component"
              >
                <input
                  checked={false}
                  onChange={[Function]}
                  type="checkbox"
                />
                <span
                  className="label"
                />
              </label>
            </div>
          </td>
          <td>
            <div
              className="nti-link-to-path"
              exact={true}
              to="#"
            >
              <div>
                <div>
                  <div />
                </div>
              </div>
            </div>
          </td>
          <td>
            <div>
              <time
                className="ntiText"
                dateTime="2017-10-30T00:00:00+00:00"
              >
                Oct 30, 2017
              </time>
            </div>
          </td>
          <td>
            <div>
              2 Weeks ago
            </div>
          </td>
        </tr>
        <tr>
          <td
            className=""
          >
            <div>
              <label
                className="checkbox-component"
              >
                <input
                  checked={false}
                  onChange={[Function]}
                  type="checkbox"
                />
                <span
                  className="label"
                />
              </label>
            </div>
          </td>
          <td>
            <div
              className="nti-link-to-path"
              exact={true}
              to="#"
            >
              <div>
                <div>
                  <div />
                </div>
              </div>
            </div>
          </td>
          <td>
            <div>
              <time
                className="ntiText"
                dateTime="2017-10-30T00:00:00+00:00"
              >
                Oct 30, 2017
              </time>
            </div>
          </td>
          <td>
            <div>
              2 Weeks ago
            </div>
          </td>
        </tr>
        <tr>
          <td
            className=""
          >
            <div>
              <label
                className="checkbox-component"
              >
                <input
                  checked={false}
                  onChange={[Function]}
                  type="checkbox"
                />
                <span
                  className="label"
                />
              </label>
            </div>
          </td>
          <td>
            <div
              className="nti-link-to-path"
              exact={true}
              to="#"
            >
              <div>
                <div>
                  <div />
                </div>
              </div>
            </div>
          </td>
          <td>
            <div>
              <time
                className="ntiText"
                dateTime="2017-10-30T00:00:00+00:00"
              >
                Oct 30, 2017
              </time>
            </div>
          </td>
          <td>
            <div>
              2 Weeks ago
            </div>
          </td>
        </tr>
        <tr>
          <td
            className=""
          >
            <div>
              <label
                className="checkbox-component"
              >
                <input
                  checked={false}
                  onChange={[Function]}
                  type="checkbox"
                />
                <span
                  className="label"
                />
              </label>
            </div>
          </td>
          <td>
            <div
              className="nti-link-to-path"
              exact={true}
              to="#"
            >
              <div>
                <div>
                  <div />
                </div>
              </div>
            </div>
          </td>
          <td>
            <div>
              <time
                className="ntiText"
                dateTime="2017-10-30T00:00:00+00:00"
              >
                Oct 30, 2017
              </time>
            </div>
          </td>
          <td>
            <div>
              2 Weeks ago
            </div>
          </td>
        </tr>
        <tr>
          <td
            className=""
          >
            <div>
              <label
                className="checkbox-component"
              >
                <input
                  checked={false}
                  onChange={[Function]}
                  type="checkbox"
                />
                <span
                  className="label"
                />
              </label>
            </div>
          </td>
          <td>
            <div
              className="nti-link-to-path"
              exact={true}
              to="#"
            >
              <div>
                <div>
                  <div />
                </div>
              </div>
            </div>
          </td>
          <td>
            <div>
              <time
                className="ntiText"
                dateTime="2017-10-30T00:00:00+00:00"
              >
                Oct 30, 2017
              </time>
            </div>
          </td>
          <td>
            <div>
              2 Weeks ago
            </div>
          </td>
        </tr>
        <tr>
          <td
            className=""
          >
            <div>
              <label
                className="checkbox-component"
              >
                <input
                  checked={false}
                  onChange={[Function]}
                  type="checkbox"
                />
                <span
                  className="label"
                />
              </label>
            </div>
          </td>
          <td>
            <div
              className="nti-link-to-path"
              exact={true}
              to="#"
            >
              <div>
                <div>
                  <div />
                </div>
              </div>
            </div>
          </td>
          <td>
            <div>
              <time
                className="ntiText"
                dateTime="2017-10-30T00:00:00+00:00"
              >
                Oct 30, 2017
              </time>
            </div>
          </td>
          <td>
            <div>
              2 Weeks ago
            </div>
          </td>
        </tr>
        <tr>
          <td
            className=""
          >
            <div>
              <label
                className="checkbox-component"
              >
                <input
                  checked={false}
                  onChange={[Function]}
                  type="checkbox"
                />
                <span
                  className="label"
                />
              </label>
            </div>
          </td>
          <td>
            <div
              className="nti-link-to-path"
              exact={true}
              to="#"
            >
              <div>
                <div>
                  <div />
                </div>
              </div>
            </div>
          </td>
          <td>
            <div>
              <time
                className="ntiText"
                dateTime="2017-10-30T00:00:00+00:00"
              >
                Oct 30, 2017
              </time>
            </div>
          </td>
          <td>
            <div>
              2 Weeks ago
            </div>
          </td>
        </tr>
        <tr>
          <td
            className=""
          >
            <div>
              <label
                className="checkbox-component"
              >
                <input
                  checked={false}
                  onChange={[Function]}
                  type="checkbox"
                />
                <span
                  className="label"
                />
              </label>
            </div>
          </td>
          <td>
            <div
              className="nti-link-to-path"
              exact={true}
              to="#"
            >
              <div>
                <div>
                  <div />
                </div>
              </div>
            </div>
          </td>
          <td>
            <div>
              <time
                className="ntiText"
                dateTime="2017-10-30T00:00:00+00:00"
              >
                Oct 30, 2017
              </time>
            </div>
          </td>
          <td>
            <div>
              3 Weeks ago
            </div>
          </td>
        </tr>
        <tr>
          <td
            className=""
          >
            <div>
              <label
                className="checkbox-component"
              >
                <input
                  checked={false}
                  onChange={[Function]}
                  type="checkbox"
                />
                <span
                  className="label"
                />
              </label>
            </div>
          </td>
          <td>
            <div
              className="nti-link-to-path"
              exact={true}
              to="#"
            >
              <div>
                <div>
                  <div />
                </div>
              </div>
            </div>
          </td>
          <td>
            <div>
              <time
                className="ntiText"
                dateTime="2017-10-30T00:00:00+00:00"
              >
                Oct 30, 2017
              </time>
            </div>
          </td>
          <td>
            <div>
              3 Weeks ago
            </div>
          </td>
        </tr>
        <tr>
          <td
            className=""
          >
            <div>
              <label
                className="checkbox-component"
              >
                <input
                  checked={false}
                  onChange={[Function]}
                  type="checkbox"
                />
                <span
                  className="label"
                />
              </label>
            </div>
          </td>
          <td>
            <div
              className="nti-link-to-path"
              exact={true}
              to="#"
            >
              <div>
                <div>
                  <div />
                </div>
              </div>
            </div>
          </td>
          <td>
            <div>
              <time
                className="ntiText"
                dateTime="2017-10-30T00:00:00+00:00"
              >
                Oct 30, 2017
              </time>
            </div>
          </td>
          <td>
            <div>
              3 Weeks ago
            </div>
          </td>
        </tr>
        <tr>
          <td
            className=""
          >
            <div>
              <label
                className="checkbox-component"
              >
                <input
                  checked={false}
                  onChange={[Function]}
                  type="checkbox"
                />
                <span
                  className="label"
                />
              </label>
            </div>
          </td>
          <td>
            <div
              className="nti-link-to-path"
              exact={true}
              to="#"
            >
              <div>
                <div>
                  <div />
                </div>
              </div>
            </div>
          </td>
          <td>
            <div>
              <time
                className="ntiText"
                dateTime="2017-10-30T00:00:00+00:00"
              >
                Oct 30, 2017
              </time>
            </div>
          </td>
          <td>
            <div>
              3 Weeks ago
            </div>
          </td>
        </tr>
        <tr>
          <td
            className=""
          >
            <div>
              <label
                className="checkbox-component"
              >
                <input
                  checked={false}
                  onChange={[Function]}
                  type="checkbox"
                />
                <span
                  className="label"
                />
              </label>
            </div>
          </td>
          <td>
            <div
              className="nti-link-to-path"
              exact={true}
              to="#"
            >
              <div>
                <div>
                  <div />
                </div>
              </div>
            </div>
          </td>
          <td>
            <div>
              <time
                className="ntiText"
                dateTime="2017-10-30T00:00:00+00:00"
              >
                Oct 30, 2017
              </time>
            </div>
          </td>
          <td>
            <div>
              3 Weeks ago
            </div>
          </td>
        </tr>
      </tbody>
    </table>
    <div
      className="site-admin-table-pager"
    >
      <div
        className="page selected"
        onClick={[Function]}
      >
        1
      </div>
      <div
        className="page"
        onClick={[Function]}
      >
        2
      </div>
    </div>
  </div>
</div>
`;

exports[`Site admin user admin list (with no items) Basic render test 1`] = `
<div
  className="users-table-container"
>
  <div
    className="empty-state"
  >
    There are no current administrators
  </div>
</div>
`;
