// Jest Snapshot v1, https://goo.gl/fbAQLP

exports[`Site admin user book list test (5 books) Basic render test 1`] = `
<div
  className="site-admin-user-transcripts"
>
  <div
    className="site-admin-card"
  >
    <ul>
      <li>
        <div
          className="nti-link-to-path"
          to="#"
        >
          <div
            className="nti-course-enrollment-list-item"
          >
            <img
              className="course-enrollment-icon"
              src="contentpackage-landing-232x170.png?t=0"
            />
            <div
              className="course-enrollment-meta"
            >
              <div
                className="label"
              >
                Book1
              </div>
              <div
                className="title"
              >
                book1
              </div>
            </div>
          </div>
        </div>
      </li>
      <li>
        <div
          className="nti-link-to-path"
          to="#"
        >
          <div
            className="nti-course-enrollment-list-item"
          >
            <img
              className="course-enrollment-icon"
              src="contentpackage-landing-232x170.png?t=0"
            />
            <div
              className="course-enrollment-meta"
            >
              <div
                className="label"
              >
                Book2
              </div>
              <div
                className="title"
              >
                book2
              </div>
            </div>
          </div>
        </div>
      </li>
      <li>
        <div
          className="nti-link-to-path"
          to="#"
        >
          <div
            className="nti-course-enrollment-list-item"
          >
            <img
              className="course-enrollment-icon"
              src="contentpackage-landing-232x170.png?t=0"
            />
            <div
              className="course-enrollment-meta"
            >
              <div
                className="label"
              >
                Book3
              </div>
              <div
                className="title"
              >
                book3
              </div>
            </div>
          </div>
        </div>
      </li>
      <li>
        <div
          className="nti-link-to-path"
          to="#"
        >
          <div
            className="nti-course-enrollment-list-item"
          >
            <img
              className="course-enrollment-icon"
              src="contentpackage-landing-232x170.png?t=0"
            />
            <div
              className="course-enrollment-meta"
            >
              <div
                className="label"
              >
                Book4
              </div>
              <div
                className="title"
              >
                book4
              </div>
            </div>
          </div>
        </div>
      </li>
      <li>
        <div
          className="nti-link-to-path"
          to="#"
        >
          <div
            className="nti-course-enrollment-list-item"
          >
            <img
              className="course-enrollment-icon"
              src="contentpackage-landing-232x170.png?t=0"
            />
            <div
              className="course-enrollment-meta"
            >
              <div
                className="label"
              >
                Book5
              </div>
              <div
                className="title"
              >
                book5
              </div>
            </div>
          </div>
        </div>
      </li>
    </ul>
  </div>
</div>
`;

exports[`Site admin user book list test (no books) Basic render test 1`] = `
<div
  className="site-admin-user-transcripts"
>
  <div
    className="empty-state"
  >
    This user does not have access to any books
  </div>
</div>
`;
